Using EXCEL_FILE_PATH = /workspaces/ExcelToPpt/Uploads/c24c0adee82344329fc2b1df79ae4967.xlsb
Using TEMPLATE_PPTX_PATH = C:/Users/2399586/VScode/ExcelToPpt/Files/Default_Template.pptx
Using FINAL_OUTPUT_PPTX_PATH = /workspaces/ExcelToPpt/Outputs/c24c0adee82344329fc2b1df79ae4967/Final_Report.pptx
Warning: Template not provided or not found. Using blank presentation.
Working on slide 6...
--- Populating Slide 3 ---
   -> Formatting main title...
Warning: Shape with name 'MainTitle' not found on the slide.
   -> Populating tables...
Warning: Shape with name 'INC Table' not found on the slide.
Warning: Shape with name 'RITM Table' not found on the slide.
   -> Creating line charts...
Slide 3 populated.
Working on slide 7...
--- Populating Slide 4 ---
   -> Extracting data for bar charts...
   -> Creating bar charts with fixed axis scale...
Slide 4 populated.
Working on slide 8...
--- Populating Slide 5 ---
   -> Extracting data for charts...
   -> Creating line charts...
   -> Updating text boxes...
Warning: Shape with name 'INC Conc' not found on the slide.
Warning: Shape with name 'RITM Conc' not found on the slide.
Slide 5 populated.
Working on slide 9...
--- Populating Slide 6 ---
   -> Extracting data for tables and charts...
   -> Formatting main title...
Warning: Shape with name 'Title' not found on the slide.
   -> Populating tables...
Warning: Shape with name 'CR Table' not found on the slide.
Warning: Shape with name 'CCS Table' not found on the slide.
   -> Creating line charts...
   -> Updating conclusion text box...
Warning: Shape with name 'Conclusion' not found on the slide.
Slide 6 populated.
Working on slide 10...
--- Populating Slide 7 ---
Warning: Shape with name 'BSI' not found on the slide.
Warning: Shape with name 'BSR' not found on the slide.
Warning: Shape with name 'BSC' not found on the slide.
   -> Creating table for 'Business Service - INC'...
   -> Creating table for 'Business Service - RITM'...
   -> Creating table for 'Business Service - Change Requests'...
Slide 7 populated.

Saving presentation with all content...

Workflow Finished! Your final presentation is ready at:
/workspaces/ExcelToPpt/Outputs/c24c0adee82344329fc2b1df79ae4967/Final_Report.pptx
