Using EXCEL_FILE_PATH = /workspaces/ExcelToPpt/Uploads/3c6ef8853f37416d84283373ee1b2dd7.xlsx
Using TEMPLATE_PPTX_PATH = Files/Default_Template.pptx
Using FINAL_OUTPUT_PPTX_PATH = /workspaces/ExcelToPpt/Outputs/3c6ef8853f37416d84283373ee1b2dd7/Final_Report.pptx
/usr/local/python/3.12.1/lib/python3.12/site-packages/openpyxl/worksheet/_reader.py:329: UserWarning: Conditional Formatting extension is not supported and will be removed
  warn(msg)
Loaded template: Files/Default_Template.pptx
Working on slide 6...
--- Populating Slide 3 ---
   -> Formatting main title...
   -> Populating tables...
   -> Creating line charts...
Slide 3 populated.
Working on slide 7...
--- Populating Slide 4 ---
   -> Extracting data for bar charts...
   -> Creating bar charts with fixed axis scale...
Slide 4 populated.
Working on slide 8...
--- Populating Slide 5 ---
   -> Extracting data for charts...
   -> Creating line charts...
   -> Updating text boxes...
   -> Updated 'INC Conc' text box.
   -> Updated 'RITM Conc' text box.
Slide 5 populated.
Working on slide 9...
--- Populating Slide 6 ---
   -> Extracting data for tables and charts...
   -> Formatting main title...
   -> Populating tables...
   -> Creating line charts...
   -> Updating conclusion text box...
   -> Updated 'Conclusion' text box.
Slide 6 populated.
Working on slide 10...
--- Populating Slide 7 ---
Warning: Shape with name 'BSI' not found on the slide.
Warning: Shape with name 'BSR' not found on the slide.
Warning: Shape with name 'BSC' not found on the slide.
   -> Creating table for 'Business Service - INC'...
   -> Creating table for 'Business Service - RITM'...
   -> Creating table for 'Business Service - Change Requests'...
Slide 7 populated.

Saving presentation with all content...

Workflow Finished! Your final presentation is ready at:
/workspaces/ExcelToPpt/Outputs/3c6ef8853f37416d84283373ee1b2dd7/Final_Report.pptx
